Current errors :

#VHMLargeIntestine,10
Expected 10, received

 VHFBloodVasculature, 108
Expected 108, received 14

 VHFLung, 65
Expected 65, received 0


 VHMProstate, 18
 Expected 18, received 0
